To honour the JVM settings for this build a single-use Daemon process will be forked. For more on this, please refer to https://docs.gradle.org/8.10.2/userguide/gradle_daemon.html#sec:disabling_the_daemon in the Gradle documentation.
Daemon will be stopped at the end of the build 
> Task :app:clean
> Task :game-ai:clean
> Task :game-core:clean
> Task :game-tools:clean
> Task :game-core:checkKotlinGradlePluginConfigurationErrors SKIPPED
> Task :game-core:processResources NO-SOURCE
> Task :game-ai:checkKotlinGradlePluginConfigurationErrors SKIPPED
> Task :game-ai:processResources NO-SOURCE
> Task :app:checkKotlinGradlePluginConfigurationErrors SKIPPED
> Task :app:preBuild UP-TO-DATE
> Task :app:preDebugBuild UP-TO-DATE
> Task :app:generateDebugResValues
> Task :app:checkDebugAarMetadata
> Task :app:mapDebugSourceSetPaths
> Task :app:generateDebugResources
> Task :app:packageDebugResources
> Task :app:createDebugCompatibleScreenManifests
> Task :app:extractDeepLinksDebug
> Task :app:mergeDebugResources
> Task :app:parseDebugLocalResources
> Task :app:processDebugMainManifest
> Task :app:processDebugManifest
> Task :app:preDebugAndroidTestBuild SKIPPED
> Task :app:generateDebugAndroidTestResValues
> Task :app:javaPreCompileDebug
> Task :app:extractProguardFiles
> Task :app:preDebugUnitTestBuild UP-TO-DATE
> Task :game-core:processTestFixturesResources NO-SOURCE
> Task :app:javaPreCompileDebugUnitTest
> Task :app:processDebugManifestForPackage
> Task :app:mergeDebugShaders
> Task :app:compileDebugShaders NO-SOURCE
> Task :app:generateDebugAssets UP-TO-DATE
> Task :app:mergeDebugAssets
> Task :app:buildKotlinToolingMetadata
> Task :app:preReleaseBuild UP-TO-DATE
> Task :app:generateReleaseResValues
> Task :app:checkReleaseAarMetadata
> Task :app:mapReleaseSourceSetPaths
> Task :app:generateReleaseResources
> Task :app:packageReleaseResources
> Task :app:createReleaseCompatibleScreenManifests
> Task :app:extractDeepLinksRelease
> Task :app:parseReleaseLocalResources
> Task :app:processReleaseMainManifest
> Task :app:processReleaseManifest
> Task :app:processReleaseManifestForPackage
> Task :app:preReleaseUnitTestBuild UP-TO-DATE
> Task :app:javaPreCompileRelease
> Task :app:javaPreCompileReleaseUnitTest
> Task :app:mergeReleaseShaders
> Task :app:compileReleaseShaders NO-SOURCE
> Task :app:generateReleaseAssets UP-TO-DATE
> Task :app:mergeReleaseAssets
> Task :app:verifyNoInternetPermission
> Task :app:verifyReleaseConfiguration
> Task :game-ai:processTestResources NO-SOURCE
> Task :game-core:processTestResources NO-SOURCE
> Task :game-tools:checkKotlinGradlePluginConfigurationErrors SKIPPED
> Task :game-tools:processResources NO-SOURCE
> Task :game-tools:processTestResources NO-SOURCE
> Task :app:mergeDebugNativeDebugMetadata NO-SOURCE
> Task :app:mergeReleaseResources
> Task :app:desugarDebugFileDependencies
> Task :app:compressDebugAssets
> Task :app:processDebugResources
> Task :app:packageDebugUnitTestForUnitTest
> Task :app:checkDebugDuplicateClasses
> Task :app:generateDebugUnitTestConfig
> Task :app:processReleaseResources
> Task :game-core:compileKotlin
> Task :game-core:compileJava NO-SOURCE
> Task :game-core:classes UP-TO-DATE
> Task :game-core:jar
> Task :app:packageReleaseUnitTestForUnitTest
> Task :app:generateReleaseUnitTestConfig
> Task :app:mergeDebugJniLibFolders
> Task :app:validateSigningDebug
> Task :app:writeDebugAppMetadata
> Task :app:writeDebugSigningConfigVersions
> Task :app:checkDebugAndroidTestAarMetadata
> Task :app:mapDebugAndroidTestSourceSetPaths
> Task :app:generateDebugAndroidTestResources
> Task :app:processDebugAndroidTestManifest
> Task :app:javaPreCompileDebugAndroidTest
> Task :app:mergeDebugAndroidTestShaders
> Task :app:compileDebugAndroidTestShaders NO-SOURCE
> Task :app:generateDebugAndroidTestAssets UP-TO-DATE
> Task :app:mergeDebugAndroidTestAssets
> Task :app:compressDebugAndroidTestAssets
> Task :app:desugarDebugAndroidTestFileDependencies
> Task :app:mergeDebugAndroidTestResources
> Task :app:checkDebugAndroidTestDuplicateClasses
> Task :game-core:compileTestFixturesKotlin
> Task :app:processDebugAndroidTestResources
> Task :game-ai:compileKotlin
> Task :game-ai:compileJava NO-SOURCE
> Task :game-ai:classes UP-TO-DATE
> Task :game-ai:jar
> Task :game-core:compileTestFixturesJava NO-SOURCE
> Task :game-core:testFixturesClasses UP-TO-DATE
> Task :game-core:testFixturesJar
> Task :app:mergeDebugAndroidTestJniLibFolders
> Task :app:validateSigningDebugAndroidTest
> Task :app:mergeDebugNativeLibs
> Task :app:writeDebugAndroidTestSigningConfigVersions

> Task :app:stripDebugDebugSymbols
Unable to strip the following libraries, packaging them as they are: libandroidx.graphics.path.so, libdatastore_shared_counter.so.

> Task :app:mergeDebugAndroidTestNativeLibs NO-SOURCE
> Task :app:stripDebugAndroidTestDebugSymbols NO-SOURCE
> Task :app:processApplicationManifestReleaseForBundle
> Task :app:extractReleaseVersionControlInfo
> Task :app:desugarReleaseFileDependencies
> Task :app:mergeReleaseStartupProfile
> Task :app:mergeLibDexDebug
> Task :app:mergeReleaseJniLibFolders
> Task :app:mergeLibDexDebugAndroidTest
> Task :app:writeReleaseAppMetadata
> Task :app:mergeReleaseNativeLibs
> Task :app:checkReleaseDuplicateClasses
> Task :app:mergeReleaseArtProfile
> Task :app:mergeExtDexDebug
> Task :app:bundleReleaseResources
> Task :game-ai:compileTestKotlin
> Task :game-core:compileTestKotlin
> Task :game-tools:compileKotlin
> Task :app:mergeExtDexDebugAndroidTest
> Task :app:compileReleaseKotlin
> Task :app:compileDebugKotlin
> Task :app:mergeExtDexRelease
> Task :app:compileDebugJavaWithJavac NO-SOURCE
> Task :app:bundleDebugClassesToCompileJar
> Task :app:generateDebugLintReportModel
> Task :app:generateDebugAndroidTestLintModel
> Task :app:generateDebugUnitTestLintModel
> Task :app:bundleDebugClassesToRuntimeJar
> Task :app:processDebugJavaRes
> Task :app:compileReleaseJavaWithJavac NO-SOURCE
> Task :app:processReleaseJavaRes
> Task :app:bundleReleaseClassesToCompileJar
> Task :app:bundleReleaseClassesToRuntimeJar
> Task :game-ai:compileTestJava NO-SOURCE
> Task :game-ai:testClasses UP-TO-DATE
> Task :game-ai:test
> Task :game-ai:check
> Task :game-core:compileTestJava NO-SOURCE
> Task :game-core:testClasses UP-TO-DATE
> Task :game-core:test
> Task :game-core:check
> Task :game-tools:compileJava NO-SOURCE
> Task :game-tools:classes UP-TO-DATE
> Task :game-tools:jar
> Task :game-tools:compileTestKotlin
> Task :app:dexBuilderDebug
> Task :game-tools:compileTestJava NO-SOURCE
> Task :game-tools:testClasses UP-TO-DATE
> Task :app:compileDebugUnitTestKotlin
> Task :game-tools:test
> Task :app:compileDebugUnitTestJavaWithJavac NO-SOURCE
> Task :app:compileReleaseUnitTestKotlin
> Task :app:processDebugUnitTestJavaRes
> Task :app:testDebugUnitTest
> Task :app:compileReleaseUnitTestJavaWithJavac NO-SOURCE
> Task :app:processReleaseUnitTestJavaRes
> Task :app:lintAnalyzeDebugUnitTest
> Task :app:testReleaseUnitTest
> Task :app:test
> Task :game-tools:check
> Task :app:mergeDebugGlobalSynthetics
> Task :app:mergeProjectDexDebug
> Task :app:dexBuilderRelease
> Task :app:mergeReleaseGlobalSynthetics

> Task :app:stripReleaseDebugSymbols
Unable to strip the following libraries, packaging them as they are: libandroidx.graphics.path.so, libdatastore_shared_counter.so.

> Task :app:mergeDebugJavaResource
> Task :app:collectReleaseDependencies
> Task :app:configureReleaseDependencies
> Task :app:extractReleaseNativeSymbolTables
> Task :app:parseReleaseIntegrityConfig
> Task :app:mergeReleaseJavaResource
> Task :app:lintAnalyzeDebug
> Task :app:lintAnalyzeDebugAndroidTest
> Task :app:packageDebug
> Task :app:createDebugApkListingFileRedirect
> Task :app:assembleDebug
> Task :app:mergeDexRelease
> Task :app:buildReleasePreBundle
> Task :app:compileDebugAndroidTestKotlin
> Task :app:compileDebugAndroidTestJavaWithJavac NO-SOURCE
> Task :app:compileReleaseArtProfile
> Task :app:dexBuilderDebugAndroidTest
> Task :app:mergeDebugAndroidTestGlobalSynthetics
> Task :app:processDebugAndroidTestJavaRes
> Task :app:mergeProjectDexDebugAndroidTest
> Task :app:mergeDebugAndroidTestJavaResource
> Task :app:packageDebugAndroidTest
> Task :app:createDebugAndroidTestApkListingFileRedirect
> Task :app:assembleDebugAndroidTest
> Task :app:packageReleaseBundle
> Task :app:signReleaseBundle
> Task :app:produceReleaseBundleIdeListingFile
> Task :app:createReleaseBundleListingFileRedirect
> Task :app:bundleRelease
> Task :app:lintReportDebug
> Task :app:lintDebug
> Task :app:lint
> Task :app:check

BUILD SUCCESSFUL in 2m 3s
151 actionable tasks: 151 executed
