INSTRUMENTATION_STATUS: class=com.thevaguebox.probabilistictictactoe.BrandLifecycleTest
INSTRUMENTATION_STATUS: current=1
INSTRUMENTATION_STATUS: id=AndroidJUnitRunner
INSTRUMENTATION_STATUS: numtests=26
INSTRUMENTATION_STATUS: stream=
com.thevaguebox.probabilistictictactoe.BrandLifecycleTest:
INSTRUMENTATION_STATUS: test=recreationDuringTheFirstEntranceReturnsDirectlyToItsFinalState
INSTRUMENTATION_STATUS_CODE: 1
INSTRUMENTATION_STATUS: class=com.thevaguebox.probabilistictictactoe.BrandLifecycleTest
INSTRUMENTATION_STATUS: current=1
INSTRUMENTATION_STATUS: id=AndroidJUnitRunner
INSTRUMENTATION_STATUS: numtests=26
INSTRUMENTATION_STATUS: stream=.
INSTRUMENTATION_STATUS: test=recreationDuringTheFirstEntranceReturnsDirectlyToItsFinalState
INSTRUMENTATION_STATUS_CODE: 0
INSTRUMENTATION_STATUS: class=com.thevaguebox.probabilistictictactoe.BrandLifecycleTest
INSTRUMENTATION_STATUS: current=2
INSTRUMENTATION_STATUS: id=AndroidJUnitRunner
INSTRUMENTATION_STATUS: numtests=26
INSTRUMENTATION_STATUS: stream=
INSTRUMENTATION_STATUS: test=returningHomeAndRecreatingTheActivityNeverReplayAConsumedEntrance
INSTRUMENTATION_STATUS_CODE: 1
INSTRUMENTATION_STATUS: class=com.thevaguebox.probabilistictictactoe.BrandLifecycleTest
INSTRUMENTATION_STATUS: current=2
INSTRUMENTATION_STATUS: id=AndroidJUnitRunner
INSTRUMENTATION_STATUS: numtests=26
INSTRUMENTATION_STATUS: stream=.
INSTRUMENTATION_STATUS: test=returningHomeAndRecreatingTheActivityNeverReplayAConsumedEntrance
INSTRUMENTATION_STATUS_CODE: 0
INSTRUMENTATION_STATUS: class=com.thevaguebox.probabilistictictactoe.BrandTypographyTest
INSTRUMENTATION_STATUS: current=3
INSTRUMENTATION_STATUS: id=AndroidJUnitRunner
INSTRUMENTATION_STATUS: numtests=26
INSTRUMENTATION_STATUS: stream=
com.thevaguebox.probabilistictictactoe.BrandTypographyTest:
INSTRUMENTATION_STATUS: test=wordmarkUsesCoralNeutralPistachioGroupsAndSubordinateNeutralHyphens
INSTRUMENTATION_STATUS_CODE: 1
INSTRUMENTATION_STATUS: class=com.thevaguebox.probabilistictictactoe.BrandTypographyTest
INSTRUMENTATION_STATUS: current=3
INSTRUMENTATION_STATUS: id=AndroidJUnitRunner
INSTRUMENTATION_STATUS: numtests=26
INSTRUMENTATION_STATUS: stream=.
INSTRUMENTATION_STATUS: test=wordmarkUsesCoralNeutralPistachioGroupsAndSubordinateNeutralHyphens
INSTRUMENTATION_STATUS_CODE: 0
INSTRUMENTATION_STATUS: class=com.thevaguebox.probabilistictictactoe.BrandTypographyTest
INSTRUMENTATION_STATUS: current=4
INSTRUMENTATION_STATUS: id=AndroidJUnitRunner
INSTRUMENTATION_STATUS: numtests=26
INSTRUMENTATION_STATUS: stream=
INSTRUMENTATION_STATUS: test=homeWordmarkKeepsOneAccessibleHeadingAt320dpAndAllRequiredFontScales
INSTRUMENTATION_STATUS_CODE: 1
INSTRUMENTATION_STATUS: class=com.thevaguebox.probabilistictictactoe.BrandTypographyTest
INSTRUMENTATION_STATUS: current=4
INSTRUMENTATION_STATUS: id=AndroidJUnitRunner
INSTRUMENTATION_STATUS: numtests=26
INSTRUMENTATION_STATUS: stream=.
INSTRUMENTATION_STATUS: test=homeWordmarkKeepsOneAccessibleHeadingAt320dpAndAllRequiredFontScales
INSTRUMENTATION_STATUS_CODE: 0
INSTRUMENTATION_STATUS: class=com.thevaguebox.probabilistictictactoe.BrandTypographyTest
INSTRUMENTATION_STATUS: current=5
INSTRUMENTATION_STATUS: id=AndroidJUnitRunner
INSTRUMENTATION_STATUS: numtests=26
INSTRUMENTATION_STATUS: stream=
INSTRUMENTATION_STATUS: test=emotionalHeadlinesRemainReadableAndActionsReachableAcrossThemesAndLargeText
INSTRUMENTATION_STATUS_CODE: 1
INSTRUMENTATION_STATUS: class=com.thevaguebox.probabilistictictactoe.BrandTypographyTest
INSTRUMENTATION_STATUS: current=5
INSTRUMENTATION_STATUS: id=AndroidJUnitRunner
INSTRUMENTATION_STATUS: numtests=26
INSTRUMENTATION_STATUS: stream=.
INSTRUMENTATION_STATUS: test=emotionalHeadlinesRemainReadableAndActionsReachableAcrossThemesAndLargeText
INSTRUMENTATION_STATUS_CODE: 0
INSTRUMENTATION_STATUS: class=com.thevaguebox.probabilistictictactoe.BrandTypographyTest
INSTRUMENTATION_STATUS: current=6
INSTRUMENTATION_STATUS: id=AndroidJUnitRunner
INSTRUMENTATION_STATUS: numtests=26
INSTRUMENTATION_STATUS: stream=
INSTRUMENTATION_STATUS: test=entranceWaitsForSettingsStaggersFinishesAndDoesNotRestartOnRecomposition
INSTRUMENTATION_STATUS_CODE: 1
INSTRUMENTATION_STATUS: class=com.thevaguebox.probabilistictictactoe.BrandTypographyTest
INSTRUMENTATION_STATUS: current=6
INSTRUMENTATION_STATUS: id=AndroidJUnitRunner
INSTRUMENTATION_STATUS: numtests=26
INSTRUMENTATION_STATUS: stream=.
INSTRUMENTATION_STATUS: test=entranceWaitsForSettingsStaggersFinishesAndDoesNotRestartOnRecomposition
INSTRUMENTATION_STATUS_CODE: 0
INSTRUMENTATION_STATUS: class=com.thevaguebox.probabilistictictactoe.BrandTypographyTest
INSTRUMENTATION_STATUS: current=7
INSTRUMENTATION_STATUS: id=AndroidJUnitRunner
INSTRUMENTATION_STATUS: numtests=26
INSTRUMENTATION_STATUS: stream=
INSTRUMENTATION_STATUS: test=reducedMotionIsImmediatelyStillAndCanStopAnInFlightEntrance
INSTRUMENTATION_STATUS_CODE: 1
INSTRUMENTATION_STATUS: class=com.thevaguebox.probabilistictictactoe.BrandTypographyTest
INSTRUMENTATION_STATUS: current=7
INSTRUMENTATION_STATUS: id=AndroidJUnitRunner
INSTRUMENTATION_STATUS: numtests=26
INSTRUMENTATION_STATUS: stream=.
INSTRUMENTATION_STATUS: test=reducedMotionIsImmediatelyStillAndCanStopAnInFlightEntrance
INSTRUMENTATION_STATUS_CODE: 0
INSTRUMENTATION_STATUS: class=com.thevaguebox.probabilistictictactoe.BrandTypographyTest
INSTRUMENTATION_STATUS: current=8
INSTRUMENTATION_STATUS: id=AndroidJUnitRunner
INSTRUMENTATION_STATUS: numtests=26
INSTRUMENTATION_STATUS: stream=
INSTRUMENTATION_STATUS: test=englishIdentityPreservesItsOrderAndUnclippedTextInsideAnRtlApp
INSTRUMENTATION_STATUS_CODE: 1
INSTRUMENTATION_STATUS: class=com.thevaguebox.probabilistictictactoe.BrandTypographyTest
INSTRUMENTATION_STATUS: current=8
INSTRUMENTATION_STATUS: id=AndroidJUnitRunner
INSTRUMENTATION_STATUS: numtests=26
INSTRUMENTATION_STATUS: stream=.
INSTRUMENTATION_STATUS: test=englishIdentityPreservesItsOrderAndUnclippedTextInsideAnRtlApp
INSTRUMENTATION_STATUS_CODE: 0
INSTRUMENTATION_STATUS: class=com.thevaguebox.probabilistictictactoe.BrandTypographyTest
INSTRUMENTATION_STATUS: current=9
INSTRUMENTATION_STATUS: id=AndroidJUnitRunner
INSTRUMENTATION_STATUS: numtests=26
INSTRUMENTATION_STATUS: stream=
INSTRUMENTATION_STATUS: test=candidateWeightsAreRenderedTogetherInBothThemes
INSTRUMENTATION_STATUS_CODE: 1
INSTRUMENTATION_STATUS: class=com.thevaguebox.probabilistictictactoe.BrandTypographyTest
INSTRUMENTATION_STATUS: current=9
INSTRUMENTATION_STATUS: id=AndroidJUnitRunner
INSTRUMENTATION_STATUS: numtests=26
INSTRUMENTATION_STATUS: stream=.
INSTRUMENTATION_STATUS: test=candidateWeightsAreRenderedTogetherInBothThemes
INSTRUMENTATION_STATUS_CODE: 0
INSTRUMENTATION_STATUS: class=com.thevaguebox.probabilistictictactoe.FormPresentationTest
INSTRUMENTATION_STATUS: current=10
INSTRUMENTATION_STATUS: id=AndroidJUnitRunner
INSTRUMENTATION_STATUS: numtests=26
INSTRUMENTATION_STATUS: stream=
com.thevaguebox.probabilistictictactoe.FormPresentationTest:
INSTRUMENTATION_STATUS: test=humanPlacementHasNineEqualSquareTargetsAndOnlyEmptyCellsAcceptInput
INSTRUMENTATION_STATUS_CODE: 1
INSTRUMENTATION_STATUS: class=com.thevaguebox.probabilistictictactoe.FormPresentationTest
INSTRUMENTATION_STATUS: current=10
INSTRUMENTATION_STATUS: id=AndroidJUnitRunner
INSTRUMENTATION_STATUS: numtests=26
INSTRUMENTATION_STATUS: stream=.
INSTRUMENTATION_STATUS: test=humanPlacementHasNineEqualSquareTargetsAndOnlyEmptyCellsAcceptInput
INSTRUMENTATION_STATUS_CODE: 0
INSTRUMENTATION_STATUS: class=com.thevaguebox.probabilistictictactoe.FormPresentationTest
INSTRUMENTATION_STATUS: current=11
INSTRUMENTATION_STATUS: id=AndroidJUnitRunner
INSTRUMENTATION_STATUS: numtests=26
INSTRUMENTATION_STATUS: stream=
INSTRUMENTATION_STATUS: test=everyComputerStageKeepsInputLockedAndActorIdentityExplicit
INSTRUMENTATION_STATUS_CODE: 1
INSTRUMENTATION_STATUS: class=com.thevaguebox.probabilistictictactoe.FormPresentationTest
INSTRUMENTATION_STATUS: current=11
INSTRUMENTATION_STATUS: id=AndroidJUnitRunner
INSTRUMENTATION_STATUS: numtests=26
INSTRUMENTATION_STATUS: stream=.
INSTRUMENTATION_STATUS: test=everyComputerStageKeepsInputLockedAndActorIdentityExplicit
INSTRUMENTATION_STATUS_CODE: 0
INSTRUMENTATION_STATUS: class=com.thevaguebox.probabilistictictactoe.FormPresentationTest
INSTRUMENTATION_STATUS: current=12
INSTRUMENTATION_STATUS: id=AndroidJUnitRunner
INSTRUMENTATION_STATUS: numtests=26
INSTRUMENTATION_STATUS: stream=
INSTRUMENTATION_STATUS: test=localHandoffDoesNotExposeThePrivateGameBehindIt
INSTRUMENTATION_STATUS_CODE: 1
INSTRUMENTATION_STATUS: class=com.thevaguebox.probabilistictictactoe.FormPresentationTest
INSTRUMENTATION_STATUS: current=12
INSTRUMENTATION_STATUS: id=AndroidJUnitRunner
INSTRUMENTATION_STATUS: numtests=26
INSTRUMENTATION_STATUS: stream=.
INSTRUMENTATION_STATUS: test=localHandoffDoesNotExposeThePrivateGameBehindIt
INSTRUMENTATION_STATUS_CODE: 0
INSTRUMENTATION_STATUS: class=com.thevaguebox.probabilistictictactoe.FormPresentationTest
INSTRUMENTATION_STATUS: current=13
INSTRUMENTATION_STATUS: id=AndroidJUnitRunner
INSTRUMENTATION_STATUS: numtests=26
INSTRUMENTATION_STATUS: stream=
INSTRUMENTATION_STATUS: test=difficultyAndThemeExposeSelectionAndSettingsExposeSingleToggleTargets
INSTRUMENTATION_STATUS_CODE: 1
INSTRUMENTATION_STATUS: class=com.thevaguebox.probabilistictictactoe.FormPresentationTest
INSTRUMENTATION_STATUS: current=13
INSTRUMENTATION_STATUS: id=AndroidJUnitRunner
INSTRUMENTATION_STATUS: numtests=26
INSTRUMENTATION_STATUS: stream=.
INSTRUMENTATION_STATUS: test=difficultyAndThemeExposeSelectionAndSettingsExposeSingleToggleTargets
INSTRUMENTATION_STATUS_CODE: 0
INSTRUMENTATION_STATUS: class=com.thevaguebox.probabilistictictactoe.FormPresentationTest
INSTRUMENTATION_STATUS: current=14
INSTRUMENTATION_STATUS: id=AndroidJUnitRunner
INSTRUMENTATION_STATUS: numtests=26
INSTRUMENTATION_STATUS: stream=
INSTRUMENTATION_STATUS: test=ordinaryWideGamePlacesTheBoardBesideInstructionsAndProbabilities
INSTRUMENTATION_STATUS_CODE: 1
INSTRUMENTATION_STATUS: class=com.thevaguebox.probabilistictictactoe.FormPresentationTest
INSTRUMENTATION_STATUS: current=14
INSTRUMENTATION_STATUS: id=AndroidJUnitRunner
INSTRUMENTATION_STATUS: numtests=26
INSTRUMENTATION_STATUS: stream=.
INSTRUMENTATION_STATUS: test=ordinaryWideGamePlacesTheBoardBesideInstructionsAndProbabilities
INSTRUMENTATION_STATUS_CODE: 0
INSTRUMENTATION_STATUS: class=com.thevaguebox.probabilistictictactoe.FormPresentationTest
INSTRUMENTATION_STATUS: current=15
INSTRUMENTATION_STATUS: id=AndroidJUnitRunner
INSTRUMENTATION_STATUS: numtests=26
INSTRUMENTATION_STATUS: stream=
INSTRUMENTATION_STATUS: test=largeFontsKeepNarrowAndWideGameplayAndNavigationReachable
INSTRUMENTATION_STATUS_CODE: 1
INSTRUMENTATION_STATUS: class=com.thevaguebox.probabilistictictactoe.FormPresentationTest
INSTRUMENTATION_STATUS: current=15
INSTRUMENTATION_STATUS: id=AndroidJUnitRunner
INSTRUMENTATION_STATUS: numtests=26
INSTRUMENTATION_STATUS: stream=.
INSTRUMENTATION_STATUS: test=largeFontsKeepNarrowAndWideGameplayAndNavigationReachable
INSTRUMENTATION_STATUS_CODE: 0
INSTRUMENTATION_STATUS: class=com.thevaguebox.probabilistictictactoe.FormPresentationTest
INSTRUMENTATION_STATUS: current=16
INSTRUMENTATION_STATUS: id=AndroidJUnitRunner
INSTRUMENTATION_STATUS: numtests=26
INSTRUMENTATION_STATUS: stream=
INSTRUMENTATION_STATUS: test=supportingScreensAndClassicRemainAccessibleInBothThemes
INSTRUMENTATION_STATUS_CODE: 1
INSTRUMENTATION_STATUS: class=com.thevaguebox.probabilistictictactoe.FormPresentationTest
INSTRUMENTATION_STATUS: current=16
INSTRUMENTATION_STATUS: id=AndroidJUnitRunner
INSTRUMENTATION_STATUS: numtests=26
INSTRUMENTATION_STATUS: stream=.
INSTRUMENTATION_STATUS: test=supportingScreensAndClassicRemainAccessibleInBothThemes
INSTRUMENTATION_STATUS_CODE: 0
INSTRUMENTATION_STATUS: class=com.thevaguebox.probabilistictictactoe.HomeSceneAnimationTest
INSTRUMENTATION_STATUS: current=17
INSTRUMENTATION_STATUS: id=AndroidJUnitRunner
INSTRUMENTATION_STATUS: numtests=26
INSTRUMENTATION_STATUS: stream=
com.thevaguebox.probabilistictictactoe.HomeSceneAnimationTest:
INSTRUMENTATION_STATUS: test=systemAnimationsOffStillAlternatesWithoutPulseOrFade
INSTRUMENTATION_STATUS_CODE: 1
INSTRUMENTATION_STATUS: class=com.thevaguebox.probabilistictictactoe.HomeSceneAnimationTest
INSTRUMENTATION_STATUS: current=17
INSTRUMENTATION_STATUS: id=AndroidJUnitRunner
INSTRUMENTATION_STATUS: numtests=26
INSTRUMENTATION_STATUS: stream=.
INSTRUMENTATION_STATUS: test=systemAnimationsOffStillAlternatesWithoutPulseOrFade
INSTRUMENTATION_STATUS_CODE: 0
INSTRUMENTATION_STATUS: class=com.thevaguebox.probabilistictictactoe.HomeSceneAnimationTest
INSTRUMENTATION_STATUS: current=18
INSTRUMENTATION_STATUS: id=AndroidJUnitRunner
INSTRUMENTATION_STATUS: numtests=26
INSTRUMENTATION_STATUS: stream=
INSTRUMENTATION_STATUS: test=bothSymbolsKeepGeometryAndStationarySceneAcrossThemesMotionAndNarrowWidth
INSTRUMENTATION_STATUS_CODE: 1
INSTRUMENTATION_STATUS: class=com.thevaguebox.probabilistictictactoe.HomeSceneAnimationTest
INSTRUMENTATION_STATUS: current=18
INSTRUMENTATION_STATUS: id=AndroidJUnitRunner
INSTRUMENTATION_STATUS: numtests=26
INSTRUMENTATION_STATUS: stream=.
INSTRUMENTATION_STATUS: test=bothSymbolsKeepGeometryAndStationarySceneAcrossThemesMotionAndNarrowWidth
INSTRUMENTATION_STATUS_CODE: 0
INSTRUMENTATION_STATUS: class=com.thevaguebox.probabilistictictactoe.HomeSceneAnimationTest
INSTRUMENTATION_STATUS: current=19
INSTRUMENTATION_STATUS: id=AndroidJUnitRunner
INSTRUMENTATION_STATUS: numtests=26
INSTRUMENTATION_STATUS: stream=
INSTRUMENTATION_STATUS: test=settingsReadinessLifecycleAndRemovalCancelAndRestartTheIllustration
INSTRUMENTATION_STATUS_CODE: 1
INSTRUMENTATION_STATUS: class=com.thevaguebox.probabilistictictactoe.HomeSceneAnimationTest
INSTRUMENTATION_STATUS: current=19
INSTRUMENTATION_STATUS: id=AndroidJUnitRunner
INSTRUMENTATION_STATUS: numtests=26
INSTRUMENTATION_STATUS: stream=.
INSTRUMENTATION_STATUS: test=settingsReadinessLifecycleAndRemovalCancelAndRestartTheIllustration
INSTRUMENTATION_STATUS_CODE: 0
INSTRUMENTATION_STATUS: class=com.thevaguebox.probabilistictictactoe.HomeSceneAnimationTest
INSTRUMENTATION_STATUS: current=20
INSTRUMENTATION_STATUS: id=AndroidJUnitRunner
INSTRUMENTATION_STATUS: numtests=26
INSTRUMENTATION_STATUS: stream=
INSTRUMENTATION_STATUS: test=scrollingFullyOffscreenDisposesTheTimeline
INSTRUMENTATION_STATUS_CODE: 1
INSTRUMENTATION_STATUS: class=com.thevaguebox.probabilistictictactoe.HomeSceneAnimationTest
INSTRUMENTATION_STATUS: current=20
INSTRUMENTATION_STATUS: id=AndroidJUnitRunner
INSTRUMENTATION_STATUS: numtests=26
INSTRUMENTATION_STATUS: stream=.
INSTRUMENTATION_STATUS: test=scrollingFullyOffscreenDisposesTheTimeline
INSTRUMENTATION_STATUS_CODE: 0
INSTRUMENTATION_STATUS: class=com.thevaguebox.probabilistictictactoe.ProductFlowTest
INSTRUMENTATION_STATUS: current=21
INSTRUMENTATION_STATUS: id=AndroidJUnitRunner
INSTRUMENTATION_STATUS: numtests=26
INSTRUMENTATION_STATUS: stream=
com.thevaguebox.probabilistictictactoe.ProductFlowTest:
INSTRUMENTATION_STATUS: test=computerCompletesOneTurnAndReturnsControlOnlyAfterSettlement
INSTRUMENTATION_STATUS_CODE: 1
INSTRUMENTATION_STATUS: class=com.thevaguebox.probabilistictictactoe.ProductFlowTest
INSTRUMENTATION_STATUS: current=21
INSTRUMENTATION_STATUS: id=AndroidJUnitRunner
INSTRUMENTATION_STATUS: numtests=26
INSTRUMENTATION_STATUS: stream=.
INSTRUMENTATION_STATUS: test=computerCompletesOneTurnAndReturnsControlOnlyAfterSettlement
INSTRUMENTATION_STATUS_CODE: 0
INSTRUMENTATION_STATUS: class=com.thevaguebox.probabilistictictactoe.ProductFlowTest
INSTRUMENTATION_STATUS: current=22
INSTRUMENTATION_STATUS: id=AndroidJUnitRunner
INSTRUMENTATION_STATUS: numtests=26
INSTRUMENTATION_STATUS: stream=
INSTRUMENTATION_STATUS: test=localModeRequiresReadyBeforeReveal
INSTRUMENTATION_STATUS_CODE: 1
INSTRUMENTATION_STATUS: class=com.thevaguebox.probabilistictictactoe.ProductFlowTest
INSTRUMENTATION_STATUS: current=22
INSTRUMENTATION_STATUS: id=AndroidJUnitRunner
INSTRUMENTATION_STATUS: numtests=26
INSTRUMENTATION_STATUS: stream=.
INSTRUMENTATION_STATUS: test=localModeRequiresReadyBeforeReveal
INSTRUMENTATION_STATUS_CODE: 0
INSTRUMENTATION_STATUS: class=com.thevaguebox.probabilistictictactoe.ProductFlowTest
INSTRUMENTATION_STATUS: current=23
INSTRUMENTATION_STATUS: id=AndroidJUnitRunner
INSTRUMENTATION_STATUS: numtests=26
INSTRUMENTATION_STATUS: stream=
INSTRUMENTATION_STATUS: test=classicWinRematchAndRecreationPreserveTheProductFlow
INSTRUMENTATION_STATUS_CODE: 1
INSTRUMENTATION_STATUS: class=com.thevaguebox.probabilistictictactoe.ProductFlowTest
INSTRUMENTATION_STATUS: current=23
INSTRUMENTATION_STATUS: id=AndroidJUnitRunner
INSTRUMENTATION_STATUS: numtests=26
INSTRUMENTATION_STATUS: stream=.
INSTRUMENTATION_STATUS: test=classicWinRematchAndRecreationPreserveTheProductFlow
INSTRUMENTATION_STATUS_CODE: 0
INSTRUMENTATION_STATUS: class=com.thevaguebox.probabilistictictactoe.ProductFlowTest
INSTRUMENTATION_STATUS: current=24
INSTRUMENTATION_STATUS: id=AndroidJUnitRunner
INSTRUMENTATION_STATUS: numtests=26
INSTRUMENTATION_STATUS: stream=
INSTRUMENTATION_STATUS: test=mediumComputerCompletesOneTurnAndReturnsControlOnlyAfterSettlement
INSTRUMENTATION_STATUS_CODE: 1
INSTRUMENTATION_STATUS: class=com.thevaguebox.probabilistictictactoe.ProductFlowTest
INSTRUMENTATION_STATUS: current=24
INSTRUMENTATION_STATUS: id=AndroidJUnitRunner
INSTRUMENTATION_STATUS: numtests=26
INSTRUMENTATION_STATUS: stream=.
INSTRUMENTATION_STATUS: test=mediumComputerCompletesOneTurnAndReturnsControlOnlyAfterSettlement
INSTRUMENTATION_STATUS_CODE: 0
INSTRUMENTATION_STATUS: class=com.thevaguebox.probabilistictictactoe.ProductFlowTest
INSTRUMENTATION_STATUS: current=25
INSTRUMENTATION_STATUS: id=AndroidJUnitRunner
INSTRUMENTATION_STATUS: numtests=26
INSTRUMENTATION_STATUS: stream=
INSTRUMENTATION_STATUS: test=tutorialExplainsPlayerSymbolSeparation
INSTRUMENTATION_STATUS_CODE: 1
INSTRUMENTATION_STATUS: class=com.thevaguebox.probabilistictictactoe.ProductFlowTest
INSTRUMENTATION_STATUS: current=25
INSTRUMENTATION_STATUS: id=AndroidJUnitRunner
INSTRUMENTATION_STATUS: numtests=26
INSTRUMENTATION_STATUS: stream=.
INSTRUMENTATION_STATUS: test=tutorialExplainsPlayerSymbolSeparation
INSTRUMENTATION_STATUS_CODE: 0
INSTRUMENTATION_STATUS: class=com.thevaguebox.probabilistictictactoe.ProductFlowTest
INSTRUMENTATION_STATUS: current=26
INSTRUMENTATION_STATUS: id=AndroidJUnitRunner
INSTRUMENTATION_STATUS: numtests=26
INSTRUMENTATION_STATUS: stream=
INSTRUMENTATION_STATUS: test=hardComputerCompletesOneTurnAndReturnsControlOnlyAfterSettlement
INSTRUMENTATION_STATUS_CODE: 1
INSTRUMENTATION_STATUS: class=com.thevaguebox.probabilistictictactoe.ProductFlowTest
INSTRUMENTATION_STATUS: current=26
INSTRUMENTATION_STATUS: id=AndroidJUnitRunner
INSTRUMENTATION_STATUS: numtests=26
INSTRUMENTATION_STATUS: stream=.
INSTRUMENTATION_STATUS: test=hardComputerCompletesOneTurnAndReturnsControlOnlyAfterSettlement
INSTRUMENTATION_STATUS_CODE: 0
INSTRUMENTATION_RESULT: stream=

Time: 233.485

OK (26 tests)


INSTRUMENTATION_CODE: -1
