docs/ios/evidence/build-phase-3/baselines/build.log:509: trailing whitespace.
+    
docs/ios/evidence/build-phase-3/baselines/build.log:514: trailing whitespace.
+    
docs/ios/evidence/build-phase-3/baselines/build.log:520: trailing whitespace.
+    
docs/ios/evidence/build-phase-3/baselines/build.log:526: trailing whitespace.
+    
docs/ios/evidence/build-phase-3/baselines/build.log:532: trailing whitespace.
+    
docs/ios/evidence/build-phase-3/baselines/build.log:538: trailing whitespace.
+    
docs/ios/evidence/build-phase-3/baselines/build.log:544: trailing whitespace.
+    
docs/ios/evidence/build-phase-3/baselines/build.log:550: trailing whitespace.
+    
docs/ios/evidence/build-phase-3/baselines/build.log:556: trailing whitespace.
+    
docs/ios/evidence/build-phase-3/baselines/build.log:562: trailing whitespace.
+    
docs/ios/evidence/build-phase-3/baselines/build.log:568: trailing whitespace.
+    
docs/ios/evidence/build-phase-3/baselines/build.log:574: trailing whitespace.
+    
docs/ios/evidence/build-phase-3/baselines/build.log:652: trailing whitespace.
+    
docs/ios/evidence/build-phase-3/baselines/build.log:658: trailing whitespace.
+    
docs/ios/evidence/build-phase-3/baselines/build.log:664: trailing whitespace.
+    
docs/ios/evidence/build-phase-3/baselines/build.log:669: trailing whitespace.
+    
docs/ios/evidence/build-phase-3/baselines/build.log:675: trailing whitespace.
+    
docs/ios/evidence/build-phase-3/baselines/build.log:680: trailing whitespace.
+    
docs/ios/evidence/build-phase-3/baselines/build.log:686: trailing whitespace.
+    
docs/ios/evidence/build-phase-3/baselines/build.log:746: trailing whitespace.
+    
docs/ios/evidence/build-phase-3/baselines/build.log:752: trailing whitespace.
+    
docs/ios/evidence/build-phase-3/baselines/build.log:778: trailing whitespace.
+    
docs/ios/evidence/build-phase-3/baselines/build.log:784: trailing whitespace.
+    
docs/ios/evidence/build-phase-3/baselines/build.log:790: trailing whitespace.
+    
docs/ios/evidence/build-phase-3/baselines/build.log:800: trailing whitespace.
+    
docs/ios/evidence/build-phase-3/baselines/build.log:808: trailing whitespace.
+    
docs/ios/evidence/build-phase-3/baselines/build.log:816: trailing whitespace.
+    
docs/ios/evidence/build-phase-3/baselines/build.log:822: trailing whitespace.
+    
docs/ios/evidence/build-phase-3/baselines/build.log:866: trailing whitespace.
+    
docs/ios/evidence/build-phase-3/baselines/build.log:872: trailing whitespace.
+    
docs/ios/evidence/build-phase-3/baselines/build.log:880: trailing whitespace.
+    
docs/ios/evidence/build-phase-3/baselines/build.log:888: trailing whitespace.
+    
docs/ios/evidence/build-phase-3/baselines/build.log:893: trailing whitespace.
+    
docs/ios/evidence/build-phase-3/baselines/build.log:907: trailing whitespace.
+    
docs/ios/evidence/build-phase-3/baselines/build.log:923: trailing whitespace.
+    
docs/ios/evidence/build-phase-3/baselines/build.log:929: trailing whitespace.
+    
docs/ios/evidence/build-phase-3/baselines/build.log:937: trailing whitespace.
+    
docs/ios/evidence/build-phase-3/baselines/build.log:944: trailing whitespace.
+    
docs/ios/evidence/build-phase-3/baselines/build.log:952: trailing whitespace.
+    
docs/ios/evidence/build-phase-3/baselines/build.log:960: trailing whitespace.
+    
docs/ios/evidence/build-phase-3/baselines/build.log:968: trailing whitespace.
+    
docs/ios/evidence/build-phase-3/baselines/build.log:982: trailing whitespace.
+    
docs/ios/evidence/build-phase-3/baselines/build.log:988: trailing whitespace.
+    
docs/ios/evidence/build-phase-3/baselines/build.log:996: trailing whitespace.
+    
docs/ios/evidence/build-phase-3/baselines/build.log:1004: trailing whitespace.
+    
docs/ios/evidence/build-phase-3/baselines/build.log:1012: trailing whitespace.
+    
docs/ios/evidence/build-phase-3/baselines/build.log:1441: trailing whitespace.
+    
docs/ios/evidence/build-phase-3/baselines/build.log:1447: trailing whitespace.
+    
docs/ios/evidence/build-phase-3/baselines/build.log:1452: trailing whitespace.
+    
docs/ios/evidence/build-phase-3/baselines/build.log:1457: trailing whitespace.
+    
docs/ios/evidence/build-phase-3/baselines/build.log:1463: trailing whitespace.
+    
docs/ios/evidence/build-phase-3/baselines/build.log:1468: trailing whitespace.
+    
docs/ios/evidence/build-phase-3/baselines/build.log:1474: trailing whitespace.
+    
docs/ios/evidence/build-phase-3/baselines/build.log:1479: trailing whitespace.
+    
docs/ios/evidence/build-phase-3/baselines/build.log:1485: trailing whitespace.
+    
docs/ios/evidence/build-phase-3/baselines/build.log:1491: trailing whitespace.
+    
docs/ios/evidence/build-phase-3/baselines/build.log:1497: trailing whitespace.
+    
docs/ios/evidence/build-phase-3/baselines/build.log:1503: trailing whitespace.
+    
docs/ios/evidence/build-phase-3/baselines/build.log:1516: trailing whitespace.
+    
docs/ios/evidence/build-phase-3/baselines/build.log:1539: trailing whitespace.
+    
docs/ios/evidence/build-phase-3/baselines/build.log:1545: trailing whitespace.
+    
docs/ios/evidence/build-phase-3/baselines/build.log:1551: trailing whitespace.
+    
docs/ios/evidence/build-phase-3/baselines/build.log:1596: trailing whitespace.
+    
docs/ios/evidence/build-phase-3/baselines/build.log:1602: trailing whitespace.
+    
docs/ios/evidence/build-phase-3/baselines/build.log:1610: trailing whitespace.
+    
docs/ios/evidence/build-phase-3/baselines/build.log:1617: trailing whitespace.
+    
docs/ios/evidence/build-phase-3/baselines/build.log:1625: trailing whitespace.
+    
docs/ios/evidence/build-phase-3/baselines/build.log:1633: trailing whitespace.
+    
docs/ios/evidence/build-phase-3/baselines/build.log:1734: new blank line at EOF.
docs/ios/evidence/build-phase-3/lifecycle-performance/post-layout-20260925/hosted.log:533: trailing whitespace.
+    
docs/ios/evidence/build-phase-3/lifecycle-performance/post-layout-20260925/hosted.log:591: trailing whitespace.
+    
docs/ios/evidence/build-phase-3/lifecycle-performance/post-layout-20260925/hosted.log:600: trailing whitespace.
+    
docs/ios/evidence/build-phase-3/lifecycle-performance/post-layout-20260925/hosted.log:946: trailing whitespace.
+    
docs/ios/evidence/build-phase-3/lifecycle-performance/post-layout-20260925/hosted.log:951: trailing whitespace.
+    
docs/ios/evidence/build-phase-3/lifecycle-performance/post-layout-20260925/hosted.log:956: trailing whitespace.
+    
docs/ios/evidence/build-phase-3/lifecycle-performance/post-layout-20260925/hosted.log:962: trailing whitespace.
+    
docs/ios/evidence/build-phase-3/lifecycle-performance/post-layout-20260925/hosted.log:968: trailing whitespace.
+    
docs/ios/evidence/build-phase-3/lifecycle-performance/post-layout-20260925/hosted.log:973: trailing whitespace.
+    
docs/ios/evidence/build-phase-3/lifecycle-performance/post-layout-20260925/hosted.log:979: trailing whitespace.
+    
docs/ios/evidence/build-phase-3/lifecycle-performance/post-layout-20260925/hosted.log:984: trailing whitespace.
+    
docs/ios/evidence/build-phase-3/lifecycle-performance/post-layout-20260925/hosted.log:990: trailing whitespace.
+    
docs/ios/evidence/build-phase-3/lifecycle-performance/post-layout-20260925/hosted.log:996: trailing whitespace.
+    
docs/ios/evidence/build-phase-3/lifecycle-performance/post-layout-20260925/hosted.log:1002: trailing whitespace.
+    
docs/ios/evidence/build-phase-3/lifecycle-performance/post-layout-20260925/hosted.log:1054: trailing whitespace.
+    
docs/ios/evidence/build-phase-3/lifecycle-performance/post-layout-20260925/hosted.log:1060: trailing whitespace.
+    
docs/ios/evidence/build-phase-3/lifecycle-performance/post-layout-20260925/hosted.log:1066: trailing whitespace.
+    
docs/ios/evidence/build-phase-3/lifecycle-performance/post-layout-20260925/hosted.log:1071: trailing whitespace.
+    
docs/ios/evidence/build-phase-3/lifecycle-performance/post-layout-20260925/simulator-bootstatus.log:15: new blank line at EOF.
docs/ios/evidence/build-phase-3/repeated-captures/build.log:508: trailing whitespace.
+    
docs/ios/evidence/build-phase-3/repeated-captures/build.log:513: trailing whitespace.
+    
docs/ios/evidence/build-phase-3/repeated-captures/build.log:518: trailing whitespace.
+    
docs/ios/evidence/build-phase-3/repeated-captures/build.log:524: trailing whitespace.
+    
docs/ios/evidence/build-phase-3/repeated-captures/build.log:530: trailing whitespace.
+    
docs/ios/evidence/build-phase-3/repeated-captures/build.log:536: trailing whitespace.
+    
docs/ios/evidence/build-phase-3/repeated-captures/build.log:542: trailing whitespace.
+    
docs/ios/evidence/build-phase-3/repeated-captures/build.log:548: trailing whitespace.
+    
docs/ios/evidence/build-phase-3/repeated-captures/build.log:554: trailing whitespace.
+    
docs/ios/evidence/build-phase-3/repeated-captures/build.log:560: trailing whitespace.
+    
docs/ios/evidence/build-phase-3/repeated-captures/build.log:565: trailing whitespace.
+    
docs/ios/evidence/build-phase-3/repeated-captures/build.log:571: trailing whitespace.
+    
docs/ios/evidence/build-phase-3/repeated-captures/build.log:645: trailing whitespace.
+    
docs/ios/evidence/build-phase-3/repeated-captures/build.log:651: trailing whitespace.
+    
docs/ios/evidence/build-phase-3/repeated-captures/build.log:657: trailing whitespace.
+    
docs/ios/evidence/build-phase-3/repeated-captures/build.log:664: trailing whitespace.
+    
docs/ios/evidence/build-phase-3/repeated-captures/build.log:672: trailing whitespace.
+    
docs/ios/evidence/build-phase-3/repeated-captures/build.log:678: trailing whitespace.
+    
docs/ios/evidence/build-phase-3/repeated-captures/build.log:684: trailing whitespace.
+    
docs/ios/evidence/build-phase-3/repeated-captures/build.log:759: trailing whitespace.
+    
docs/ios/evidence/build-phase-3/repeated-captures/build.log:765: trailing whitespace.
+    
docs/ios/evidence/build-phase-3/repeated-captures/build.log:773: trailing whitespace.
+    
docs/ios/evidence/build-phase-3/repeated-captures/build.log:785: trailing whitespace.
+    
docs/ios/evidence/build-phase-3/repeated-captures/build.log:813: trailing whitespace.
+    
docs/ios/evidence/build-phase-3/repeated-captures/build.log:821: trailing whitespace.
+    
docs/ios/evidence/build-phase-3/repeated-captures/build.log:827: trailing whitespace.
+    
docs/ios/evidence/build-phase-3/repeated-captures/build.log:836: trailing whitespace.
+    
docs/ios/evidence/build-phase-3/repeated-captures/build.log:842: trailing whitespace.
+    
docs/ios/evidence/build-phase-3/repeated-captures/build.log:850: trailing whitespace.
+    
docs/ios/evidence/build-phase-3/repeated-captures/build.log:858: trailing whitespace.
+    
docs/ios/evidence/build-phase-3/repeated-captures/build.log:872: trailing whitespace.
+    
docs/ios/evidence/build-phase-3/repeated-captures/build.log:890: trailing whitespace.
+    
docs/ios/evidence/build-phase-3/repeated-captures/build.log:901: trailing whitespace.
+    
docs/ios/evidence/build-phase-3/repeated-captures/build.log:907: trailing whitespace.
+    
docs/ios/evidence/build-phase-3/repeated-captures/build.log:919: trailing whitespace.
+    
docs/ios/evidence/build-phase-3/repeated-captures/build.log:927: trailing whitespace.
+    
docs/ios/evidence/build-phase-3/repeated-captures/build.log:933: trailing whitespace.
+    
docs/ios/evidence/build-phase-3/repeated-captures/build.log:941: trailing whitespace.
+    
docs/ios/evidence/build-phase-3/repeated-captures/build.log:949: trailing whitespace.
+    
docs/ios/evidence/build-phase-3/repeated-captures/build.log:957: trailing whitespace.
+    
docs/ios/evidence/build-phase-3/repeated-captures/build.log:965: trailing whitespace.
+    
docs/ios/evidence/build-phase-3/repeated-captures/build.log:973: trailing whitespace.
+    
docs/ios/evidence/build-phase-3/repeated-captures/build.log:981: trailing whitespace.
+    
docs/ios/evidence/build-phase-3/repeated-captures/build.log:995: trailing whitespace.
+    
docs/ios/evidence/build-phase-3/repeated-captures/build.log:1001: trailing whitespace.
+    
docs/ios/evidence/build-phase-3/repeated-captures/build.log:1009: trailing whitespace.
+    
docs/ios/evidence/build-phase-3/repeated-captures/build.log:1435: trailing whitespace.
+    
docs/ios/evidence/build-phase-3/repeated-captures/build.log:1441: trailing whitespace.
+    
docs/ios/evidence/build-phase-3/repeated-captures/build.log:1446: trailing whitespace.
+    
docs/ios/evidence/build-phase-3/repeated-captures/build.log:1452: trailing whitespace.
+    
docs/ios/evidence/build-phase-3/repeated-captures/build.log:1458: trailing whitespace.
+    
docs/ios/evidence/build-phase-3/repeated-captures/build.log:1463: trailing whitespace.
+    
docs/ios/evidence/build-phase-3/repeated-captures/build.log:1469: trailing whitespace.
+    
docs/ios/evidence/build-phase-3/repeated-captures/build.log:1475: trailing whitespace.
+    
docs/ios/evidence/build-phase-3/repeated-captures/build.log:1481: trailing whitespace.
+    
docs/ios/evidence/build-phase-3/repeated-captures/build.log:1487: trailing whitespace.
+    
docs/ios/evidence/build-phase-3/repeated-captures/build.log:1492: trailing whitespace.
+    
docs/ios/evidence/build-phase-3/repeated-captures/build.log:1524: trailing whitespace.
+    
docs/ios/evidence/build-phase-3/repeated-captures/build.log:1529: trailing whitespace.
+    
docs/ios/evidence/build-phase-3/repeated-captures/build.log:1535: trailing whitespace.
+    
docs/ios/evidence/build-phase-3/repeated-captures/build.log:1543: trailing whitespace.
+    
docs/ios/evidence/build-phase-3/repeated-captures/build.log:1554: trailing whitespace.
+    
docs/ios/evidence/build-phase-3/repeated-captures/build.log:1581: trailing whitespace.
+    
docs/ios/evidence/build-phase-3/repeated-captures/build.log:1600: trailing whitespace.
+    
docs/ios/evidence/build-phase-3/repeated-captures/build.log:1606: trailing whitespace.
+    
docs/ios/evidence/build-phase-3/repeated-captures/build.log:1614: trailing whitespace.
+    
docs/ios/evidence/build-phase-3/repeated-captures/build.log:1622: trailing whitespace.
+    
docs/ios/evidence/build-phase-3/repeated-captures/build.log:1628: trailing whitespace.
+    
docs/ios/evidence/build-phase-3/repeated-captures/build.log:1731: new blank line at EOF.
docs/ios/evidence/build-phase-3/ui-flows-layout-final-20260925/test.log:529: trailing whitespace.
+    
docs/ios/evidence/build-phase-3/ui-flows-layout-final-20260925/test.log:534: trailing whitespace.
+    
docs/ios/evidence/build-phase-3/ui-flows-layout-final-20260925/test.log:539: trailing whitespace.
+    
docs/ios/evidence/build-phase-3/ui-flows-layout-final-20260925/test.log:545: trailing whitespace.
+    
docs/ios/evidence/build-phase-3/ui-flows-layout-final-20260925/test.log:551: trailing whitespace.
+    
docs/ios/evidence/build-phase-3/ui-flows-layout-final-20260925/test.log:556: trailing whitespace.
+    
docs/ios/evidence/build-phase-3/ui-flows-layout-final-20260925/test.log:596: trailing whitespace.
+    
docs/ios/evidence/build-phase-3/ui-flows-layout-final-20260925/test.log:601: trailing whitespace.
+    
docs/ios/evidence/build-phase-3/ui-flows-layout-final-20260925/test.log:607: trailing whitespace.
+    
docs/ios/evidence/build-phase-3/ui-flows-layout-final-20260925/test.log:613: trailing whitespace.
+    
docs/ios/evidence/build-phase-3/ui-flows-layout-final-20260925/test.log:619: trailing whitespace.
+    
docs/ios/evidence/build-phase-3/ui-flows-layout-final-20260925/test.log:625: trailing whitespace.
+    
docs/ios/evidence/build-phase-3/ui-flows-layout-final-20260925/test.log:631: trailing whitespace.
+    
docs/ios/evidence/build-phase-3/ui-flows-layout-final-20260925/test.log:637: trailing whitespace.
+    
docs/ios/evidence/build-phase-3/ui-flows-layout-final-20260925/test.log:645: trailing whitespace.
+    
docs/ios/evidence/build-phase-3/ui-flows-layout-final-20260925/test.log:653: trailing whitespace.
+    
docs/ios/evidence/build-phase-3/ui-flows-layout-final-20260925/test.log:667: trailing whitespace.
+    
docs/ios/evidence/build-phase-3/ui-flows-layout-final-20260925/test.log:695: trailing whitespace.
+    
docs/ios/evidence/build-phase-3/ui-flows-layout-final-20260925/test.log:703: trailing whitespace.
+    
docs/ios/evidence/build-phase-3/ui-flows-layout-final-20260925/test.log:715: trailing whitespace.
+    
docs/ios/evidence/build-phase-3/ui-flows-layout-final-20260925/test.log:742: trailing whitespace.
+    
docs/ios/evidence/build-phase-3/ui-flows-layout-final-20260925/test.log:750: trailing whitespace.
+    
docs/ios/evidence/build-phase-3/ui-flows-layout-final-20260925/test.log:758: trailing whitespace.
+    
docs/ios/evidence/build-phase-3/ui-flows-layout-final-20260925/test.log:1087: trailing whitespace.
+    
docs/ios/evidence/build-phase-3/ui-flows-layout-final-20260925/test.log:1093: trailing whitespace.
+    
docs/ios/evidence/build-phase-3/ui-flows-layout-final-20260925/test.log:1099: trailing whitespace.
+    
docs/ios/evidence/build-phase-3/ui-flows-layout-final-20260925/test.log:1104: trailing whitespace.
+    
docs/ios/evidence/build-phase-3/ui-flows-layout-final-20260925/test.log:1110: trailing whitespace.
+    
docs/ios/evidence/build-phase-3/ui-flows-layout-final-20260925/test.log:1116: trailing whitespace.
+    
docs/ios/evidence/build-phase-3/ui-flows-layout-final-20260925/test.log:1122: trailing whitespace.
+    
docs/ios/evidence/build-phase-3/ui-flows-layout-final-20260925/test.log:1128: trailing whitespace.
+    
docs/ios/evidence/build-phase-3/ui-flows-layout-final-20260925/test.log:1134: trailing whitespace.
+    
docs/ios/evidence/build-phase-3/ui-flows-layout-final-20260925/test.log:1140: trailing whitespace.
+    
docs/ios/evidence/build-phase-3/ui-flows-layout-final-20260925/test.log:1146: trailing whitespace.
+    
docs/ios/evidence/build-phase-3/ui-flows-layout-final-20260925/test.log:1200: trailing whitespace.
+    
docs/ios/evidence/build-phase-3/ui-flows-layout-final-20260925/test.log:1206: trailing whitespace.
+    
docs/ios/evidence/build-phase-3/ui-flows-layout-final-20260925/test.log:1211: trailing whitespace.
+    
docs/ios/evidence/build-phase-3/ui-flows-layout-final-20260925/test.log:1216: trailing whitespace.
+    
docs/ios/evidence/build-phase-3/unsigned-builds-layout-final-20260925/Debug-iphoneos.log:368: trailing whitespace.
+    
docs/ios/evidence/build-phase-3/unsigned-builds-layout-final-20260925/Debug-iphoneos.log:373: trailing whitespace.
+    
docs/ios/evidence/build-phase-3/unsigned-builds-layout-final-20260925/Debug-iphoneos.log:378: trailing whitespace.
+    
docs/ios/evidence/build-phase-3/unsigned-builds-layout-final-20260925/Debug-iphoneos.log:384: trailing whitespace.
+    
docs/ios/evidence/build-phase-3/unsigned-builds-layout-final-20260925/Debug-iphoneos.log:390: trailing whitespace.
+    
docs/ios/evidence/build-phase-3/unsigned-builds-layout-final-20260925/Debug-iphoneos.log:396: trailing whitespace.
+    
docs/ios/evidence/build-phase-3/unsigned-builds-layout-final-20260925/Debug-iphoneos.log:436: trailing whitespace.
+    
docs/ios/evidence/build-phase-3/unsigned-builds-layout-final-20260925/Debug-iphoneos.log:441: trailing whitespace.
+    
docs/ios/evidence/build-phase-3/unsigned-builds-layout-final-20260925/Debug-iphoneos.log:447: trailing whitespace.
+    
docs/ios/evidence/build-phase-3/unsigned-builds-layout-final-20260925/Debug-iphoneos.log:453: trailing whitespace.
+    
docs/ios/evidence/build-phase-3/unsigned-builds-layout-final-20260925/Debug-iphoneos.log:459: trailing whitespace.
+    
docs/ios/evidence/build-phase-3/unsigned-builds-layout-final-20260925/Debug-iphoneos.log:465: trailing whitespace.
+    
docs/ios/evidence/build-phase-3/unsigned-builds-layout-final-20260925/Debug-iphoneos.log:471: trailing whitespace.
+    
docs/ios/evidence/build-phase-3/unsigned-builds-layout-final-20260925/Debug-iphoneos.log:477: trailing whitespace.
+    
docs/ios/evidence/build-phase-3/unsigned-builds-layout-final-20260925/Debug-iphoneos.log:485: trailing whitespace.
+    
docs/ios/evidence/build-phase-3/unsigned-builds-layout-final-20260925/Debug-iphoneos.log:493: trailing whitespace.
+    
docs/ios/evidence/build-phase-3/unsigned-builds-layout-final-20260925/Debug-iphoneos.log:507: trailing whitespace.
+    
docs/ios/evidence/build-phase-3/unsigned-builds-layout-final-20260925/Debug-iphoneos.log:559: trailing whitespace.
+    
docs/ios/evidence/build-phase-3/unsigned-builds-layout-final-20260925/Debug-iphoneos.log:567: trailing whitespace.
+    
docs/ios/evidence/build-phase-3/unsigned-builds-layout-final-20260925/Debug-iphoneos.log:575: trailing whitespace.
+    
docs/ios/evidence/build-phase-3/unsigned-builds-layout-final-20260925/Debug-iphoneos.log:581: trailing whitespace.
+    
docs/ios/evidence/build-phase-3/unsigned-builds-layout-final-20260925/Debug-iphoneos.log:589: trailing whitespace.
+    
docs/ios/evidence/build-phase-3/unsigned-builds-layout-final-20260925/Debug-iphoneos.log:597: trailing whitespace.
+    
docs/ios/evidence/build-phase-3/unsigned-builds-layout-final-20260925/Debug-iphoneos.log:879: trailing whitespace.
+    
docs/ios/evidence/build-phase-3/unsigned-builds-layout-final-20260925/Debug-iphoneos.log:885: trailing whitespace.
+    
docs/ios/evidence/build-phase-3/unsigned-builds-layout-final-20260925/Debug-iphoneos.log:890: trailing whitespace.
+    
docs/ios/evidence/build-phase-3/unsigned-builds-layout-final-20260925/Debug-iphoneos.log:895: trailing whitespace.
+    
docs/ios/evidence/build-phase-3/unsigned-builds-layout-final-20260925/Debug-iphoneos.log:900: trailing whitespace.
+    
docs/ios/evidence/build-phase-3/unsigned-builds-layout-final-20260925/Debug-iphoneos.log:906: trailing whitespace.
+    
docs/ios/evidence/build-phase-3/unsigned-builds-layout-final-20260925/Debug-iphoneos.log:912: trailing whitespace.
+    
docs/ios/evidence/build-phase-3/unsigned-builds-layout-final-20260925/Debug-iphoneos.log:918: trailing whitespace.
+    
docs/ios/evidence/build-phase-3/unsigned-builds-layout-final-20260925/Debug-iphoneos.log:924: trailing whitespace.
+    
docs/ios/evidence/build-phase-3/unsigned-builds-layout-final-20260925/Debug-iphoneos.log:930: trailing whitespace.
+    
docs/ios/evidence/build-phase-3/unsigned-builds-layout-final-20260925/Debug-iphoneos.log:936: trailing whitespace.
+    
docs/ios/evidence/build-phase-3/unsigned-builds-layout-final-20260925/Debug-iphoneos.log:1032: new blank line at EOF.
docs/ios/evidence/build-phase-3/unsigned-builds-layout-final-20260925/Debug-iphonesimulator.log:511: trailing whitespace.
+    
docs/ios/evidence/build-phase-3/unsigned-builds-layout-final-20260925/Debug-iphonesimulator.log:517: trailing whitespace.
+    
docs/ios/evidence/build-phase-3/unsigned-builds-layout-final-20260925/Debug-iphonesimulator.log:523: trailing whitespace.
+    
docs/ios/evidence/build-phase-3/unsigned-builds-layout-final-20260925/Debug-iphonesimulator.log:528: trailing whitespace.
+    
docs/ios/evidence/build-phase-3/unsigned-builds-layout-final-20260925/Debug-iphonesimulator.log:534: trailing whitespace.
+    
docs/ios/evidence/build-phase-3/unsigned-builds-layout-final-20260925/Debug-iphonesimulator.log:540: trailing whitespace.
+    
docs/ios/evidence/build-phase-3/unsigned-builds-layout-final-20260925/Debug-iphonesimulator.log:546: trailing whitespace.
+    
docs/ios/evidence/build-phase-3/unsigned-builds-layout-final-20260925/Debug-iphonesimulator.log:552: trailing whitespace.
+    
docs/ios/evidence/build-phase-3/unsigned-builds-layout-final-20260925/Debug-iphonesimulator.log:557: trailing whitespace.
+    
docs/ios/evidence/build-phase-3/unsigned-builds-layout-final-20260925/Debug-iphonesimulator.log:563: trailing whitespace.
+    
docs/ios/evidence/build-phase-3/unsigned-builds-layout-final-20260925/Debug-iphonesimulator.log:569: trailing whitespace.
+    
docs/ios/evidence/build-phase-3/unsigned-builds-layout-final-20260925/Debug-iphonesimulator.log:575: trailing whitespace.
+    
docs/ios/evidence/build-phase-3/unsigned-builds-layout-final-20260925/Debug-iphonesimulator.log:645: trailing whitespace.
+    
docs/ios/evidence/build-phase-3/unsigned-builds-layout-final-20260925/Debug-iphonesimulator.log:653: trailing whitespace.
+    
docs/ios/evidence/build-phase-3/unsigned-builds-layout-final-20260925/Debug-iphonesimulator.log:659: trailing whitespace.
+    
docs/ios/evidence/build-phase-3/unsigned-builds-layout-final-20260925/Debug-iphonesimulator.log:667: trailing whitespace.
+    
docs/ios/evidence/build-phase-3/unsigned-builds-layout-final-20260925/Debug-iphonesimulator.log:673: trailing whitespace.
+    
docs/ios/evidence/build-phase-3/unsigned-builds-layout-final-20260925/Debug-iphonesimulator.log:681: trailing whitespace.
+    
docs/ios/evidence/build-phase-3/unsigned-builds-layout-final-20260925/Debug-iphonesimulator.log:689: trailing whitespace.
+    
docs/ios/evidence/build-phase-3/unsigned-builds-layout-final-20260925/Debug-iphonesimulator.log:742: trailing whitespace.
+    
docs/ios/evidence/build-phase-3/unsigned-builds-layout-final-20260925/Debug-iphonesimulator.log:748: trailing whitespace.
+    
docs/ios/evidence/build-phase-3/unsigned-builds-layout-final-20260925/Debug-iphonesimulator.log:802: trailing whitespace.
+    
docs/ios/evidence/build-phase-3/unsigned-builds-layout-final-20260925/Debug-iphonesimulator.log:809: trailing whitespace.
+    
docs/ios/evidence/build-phase-3/unsigned-builds-layout-final-20260925/Debug-iphonesimulator.log:815: trailing whitespace.
+    
docs/ios/evidence/build-phase-3/unsigned-builds-layout-final-20260925/Debug-iphonesimulator.log:825: trailing whitespace.
+    
docs/ios/evidence/build-phase-3/unsigned-builds-layout-final-20260925/Debug-iphonesimulator.log:833: trailing whitespace.
+    
docs/ios/evidence/build-phase-3/unsigned-builds-layout-final-20260925/Debug-iphonesimulator.log:841: trailing whitespace.
+    
docs/ios/evidence/build-phase-3/unsigned-builds-layout-final-20260925/Debug-iphonesimulator.log:847: trailing whitespace.
+    
docs/ios/evidence/build-phase-3/unsigned-builds-layout-final-20260925/Debug-iphonesimulator.log:855: trailing whitespace.
+    
docs/ios/evidence/build-phase-3/unsigned-builds-layout-final-20260925/Debug-iphonesimulator.log:863: trailing whitespace.
+    
docs/ios/evidence/build-phase-3/unsigned-builds-layout-final-20260925/Debug-iphonesimulator.log:871: trailing whitespace.
+    
docs/ios/evidence/build-phase-3/unsigned-builds-layout-final-20260925/Debug-iphonesimulator.log:879: trailing whitespace.
+    
docs/ios/evidence/build-phase-3/unsigned-builds-layout-final-20260925/Debug-iphonesimulator.log:887: trailing whitespace.
+    
docs/ios/evidence/build-phase-3/unsigned-builds-layout-final-20260925/Debug-iphonesimulator.log:895: trailing whitespace.
+    
docs/ios/evidence/build-phase-3/unsigned-builds-layout-final-20260925/Debug-iphonesimulator.log:909: trailing whitespace.
+    
docs/ios/evidence/build-phase-3/unsigned-builds-layout-final-20260925/Debug-iphonesimulator.log:927: trailing whitespace.
+    
docs/ios/evidence/build-phase-3/unsigned-builds-layout-final-20260925/Debug-iphonesimulator.log:937: trailing whitespace.
+    
docs/ios/evidence/build-phase-3/unsigned-builds-layout-final-20260925/Debug-iphonesimulator.log:945: trailing whitespace.
+    
docs/ios/evidence/build-phase-3/unsigned-builds-layout-final-20260925/Debug-iphonesimulator.log:957: trailing whitespace.
+    
docs/ios/evidence/build-phase-3/unsigned-builds-layout-final-20260925/Debug-iphonesimulator.log:963: trailing whitespace.
+    
docs/ios/evidence/build-phase-3/unsigned-builds-layout-final-20260925/Debug-iphonesimulator.log:971: trailing whitespace.
+    
docs/ios/evidence/build-phase-3/unsigned-builds-layout-final-20260925/Debug-iphonesimulator.log:979: trailing whitespace.
+    
docs/ios/evidence/build-phase-3/unsigned-builds-layout-final-20260925/Debug-iphonesimulator.log:986: trailing whitespace.
+    
docs/ios/evidence/build-phase-3/unsigned-builds-layout-final-20260925/Debug-iphonesimulator.log:994: trailing whitespace.
+    
docs/ios/evidence/build-phase-3/unsigned-builds-layout-final-20260925/Debug-iphonesimulator.log:1008: trailing whitespace.
+    
docs/ios/evidence/build-phase-3/unsigned-builds-layout-final-20260925/Debug-iphonesimulator.log:1014: trailing whitespace.
+    
docs/ios/evidence/build-phase-3/unsigned-builds-layout-final-20260925/Debug-iphonesimulator.log:1441: trailing whitespace.
+    
docs/ios/evidence/build-phase-3/unsigned-builds-layout-final-20260925/Debug-iphonesimulator.log:1447: trailing whitespace.
+    
docs/ios/evidence/build-phase-3/unsigned-builds-layout-final-20260925/Debug-iphonesimulator.log:1453: trailing whitespace.
+    
docs/ios/evidence/build-phase-3/unsigned-builds-layout-final-20260925/Debug-iphonesimulator.log:1459: trailing whitespace.
+    
docs/ios/evidence/build-phase-3/unsigned-builds-layout-final-20260925/Debug-iphonesimulator.log:1465: trailing whitespace.
+    
docs/ios/evidence/build-phase-3/unsigned-builds-layout-final-20260925/Debug-iphonesimulator.log:1471: trailing whitespace.
+    
docs/ios/evidence/build-phase-3/unsigned-builds-layout-final-20260925/Debug-iphonesimulator.log:1477: trailing whitespace.
+    
docs/ios/evidence/build-phase-3/unsigned-builds-layout-final-20260925/Debug-iphonesimulator.log:1483: trailing whitespace.
+    
docs/ios/evidence/build-phase-3/unsigned-builds-layout-final-20260925/Debug-iphonesimulator.log:1489: trailing whitespace.
+    
docs/ios/evidence/build-phase-3/unsigned-builds-layout-final-20260925/Debug-iphonesimulator.log:1495: trailing whitespace.
+    
docs/ios/evidence/build-phase-3/unsigned-builds-layout-final-20260925/Debug-iphonesimulator.log:1501: trailing whitespace.
+    
docs/ios/evidence/build-phase-3/unsigned-builds-layout-final-20260925/Debug-iphonesimulator.log:1511: trailing whitespace.
+    
docs/ios/evidence/build-phase-3/unsigned-builds-layout-final-20260925/Debug-iphonesimulator.log:1517: trailing whitespace.
+    
docs/ios/evidence/build-phase-3/unsigned-builds-layout-final-20260925/Debug-iphonesimulator.log:1531: trailing whitespace.
+    
docs/ios/evidence/build-phase-3/unsigned-builds-layout-final-20260925/Debug-iphonesimulator.log:1578: trailing whitespace.
+    
docs/ios/evidence/build-phase-3/unsigned-builds-layout-final-20260925/Debug-iphonesimulator.log:1584: trailing whitespace.
+    
docs/ios/evidence/build-phase-3/unsigned-builds-layout-final-20260925/Debug-iphonesimulator.log:1594: trailing whitespace.
+    
docs/ios/evidence/build-phase-3/unsigned-builds-layout-final-20260925/Debug-iphonesimulator.log:1599: trailing whitespace.
+    
docs/ios/evidence/build-phase-3/unsigned-builds-layout-final-20260925/Debug-iphonesimulator.log:1607: trailing whitespace.
+    
docs/ios/evidence/build-phase-3/unsigned-builds-layout-final-20260925/Debug-iphonesimulator.log:1615: trailing whitespace.
+    
docs/ios/evidence/build-phase-3/unsigned-builds-layout-final-20260925/Debug-iphonesimulator.log:1623: trailing whitespace.
+    
docs/ios/evidence/build-phase-3/unsigned-builds-layout-final-20260925/Debug-iphonesimulator.log:1631: trailing whitespace.
+    
docs/ios/evidence/build-phase-3/unsigned-builds-layout-final-20260925/Debug-iphonesimulator.log:1741: new blank line at EOF.
docs/ios/evidence/build-phase-3/unsigned-builds-layout-final-20260925/Release-iphoneos.log:348: trailing whitespace.
+    
docs/ios/evidence/build-phase-3/unsigned-builds-layout-final-20260925/Release-iphoneos.log:406: trailing whitespace.
+    
docs/ios/evidence/build-phase-3/unsigned-builds-layout-final-20260925/Release-iphoneos.log:415: trailing whitespace.
+    
docs/ios/evidence/build-phase-3/unsigned-builds-layout-final-20260925/Release-iphoneos.log:697: trailing whitespace.
+    
docs/ios/evidence/build-phase-3/unsigned-builds-layout-final-20260925/Release-iphoneos.log:764: new blank line at EOF.
docs/ios/evidence/build-phase-3/unsigned-builds-layout-final-20260925/Release-iphonesimulator.log:487: trailing whitespace.
+    
docs/ios/evidence/build-phase-3/unsigned-builds-layout-final-20260925/Release-iphonesimulator.log:492: trailing whitespace.
+    
docs/ios/evidence/build-phase-3/unsigned-builds-layout-final-20260925/Release-iphonesimulator.log:588: trailing whitespace.
+    
docs/ios/evidence/build-phase-3/unsigned-builds-layout-final-20260925/Release-iphonesimulator.log:593: trailing whitespace.
+    
docs/ios/evidence/build-phase-3/unsigned-builds-layout-final-20260925/Release-iphonesimulator.log:603: trailing whitespace.
+    
docs/ios/evidence/build-phase-3/unsigned-builds-layout-final-20260925/Release-iphonesimulator.log:612: trailing whitespace.
+    
docs/ios/evidence/build-phase-3/unsigned-builds-layout-final-20260925/Release-iphonesimulator.log:1099: trailing whitespace.
+    
docs/ios/evidence/build-phase-3/unsigned-builds-layout-final-20260925/Release-iphonesimulator.log:1104: trailing whitespace.
+    
docs/ios/evidence/build-phase-3/unsigned-builds-layout-final-20260925/Release-iphonesimulator.log:1201: new blank line at EOF.
docs/ios/evidence/build-phase-3/unsigned-builds-layout-final-20260925/failed-sandbox-attempt/Debug-iphonesimulator.log:62: new blank line at EOF.
