2026-09-25 06:53:28.415 xcodebuild[16364:116141270]  DVTFilePathFSEvents: Failed to start fs event stream.
2026-09-25 06:53:28.671 xcodebuild[16364:116141268] [MT] DVTDeveloperPaths: Failed to get length of DARWIN_USER_CACHE_DIR from confstr(3), error = Error Domain=NSPOSIXErrorDomain Code=5 "Input/output error". Using NSCachesDirectory instead.
2026-09-25 06:53:29.031 xcodebuild[16364:116141271] CoreSimulatorService connection became invalid.  Simulator services will no longer be available.
2026-09-25 06:53:29.031 xcodebuild[16364:116141271] Logging connecton invalid: <OS_xpc_error: <dictionary: 0x1edda95f0> { count = 1, transaction: 0, voucher = 0x0, contents =
	"XPCErrorDescription" => <string: 0x1edda9730> { string cache = 0x0, length = 18, contents = "Connection invalid" }
}>
2026-09-25 06:53:29.038 xcodebuild[16364:116141271] Error opening log file (/Users/bavabangaru/Library/Logs/CoreSimulator/CoreSimulator.com.apple.dt.xcodebuild.log): Operation not permitted
[-[SimServiceContext sendRequest:]:1751] ERROR : Unable to deliver request ({
    "developer_dir" = "/Applications/Xcode.app/Contents/Developer";
    request = "set_developer_dir";
}) because we are not connected to CoreSimulatorService.
Command line invocation:
    /Applications/Xcode.app/Contents/Developer/usr/bin/xcodebuild -project /Users/bavabangaru/Developer/pic-pac-poe-ios-native-parity/ios/PicPacPoe.xcodeproj -scheme PicPacPoe -configuration Debug -destination "generic/platform=iOS Simulator" -derivedDataPath /tmp/picpac-phase3-layout-final-build-e6c0c65c9c5a-20260925T105327Z/iphonesimulator CODE_SIGNING_ALLOWED=NO CODE_SIGNING_REQUIRED=NO ENABLE_CODE_COVERAGE=NO CLANG_ENABLE_CODE_COVERAGE=NO CLANG_COVERAGE_MAPPING=NO build

Build settings from command line:
    CLANG_COVERAGE_MAPPING = NO
    CLANG_ENABLE_CODE_COVERAGE = NO
    CODE_SIGNING_ALLOWED = NO
    CODE_SIGNING_REQUIRED = NO
    ENABLE_CODE_COVERAGE = NO

[-[SimServiceContext initWithDeveloperDir:connectionType:error:]:432] WARN  : Unable to discover any Simulator runtimes. Developer Directory is /Applications/Xcode.app/Contents/Developer.
[-[SimDiskImageManager init]:175] ERROR : Could not kickstart simdiskimaged; SimDiskImageManager services will not be available: Error Domain=NSPOSIXErrorDomain Code=53 "Software caused connection abort" UserInfo={NSLocalizedDescription=Error returned in reply from CoreSimulatorService: Connection invalid}
[-[SimDiskImageManager _onQueue_checkConnection:]:239] ERROR : simdiskimaged returned error (invalid), marking disconnected.
[-[SimServiceContext initWithDeveloperDir:connectionType:error:]_block_invoke:468] ERROR : Could not get list of trusted mount directories: Error Domain=com.apple.CoreSimulator.SimError Code=410 "The service used to manage runtime disk images (simdiskimaged) crashed or is not responding" UserInfo={NSLocalizedDescription=The service used to manage runtime disk images (simdiskimaged) crashed or is not responding}
[-[SimDiskImageManager _onQueue_checkConnection:]:239] ERROR : simdiskimaged returned error (invalid), marking disconnected.
[-[SimServiceContext sendRequest:reply:error:]:1771] ERROR : Unable to deliver request ({
    request = "notification_subscription";
    "set_path" = "/Users/bavabangaru/Library/Developer/CoreSimulator/Devices";
}) because we are not connected to CoreSimulatorService.
2026-09-25 06:53:29.089 xcodebuild[16364:116141270] Error Domain=NSPOSIXErrorDomain Code=61 "Connection refused" UserInfo={NSLocalizedDescription=CoreSimulatorService connection became invalid.  Simulator services will no longer be available.}
[-[SimServiceContext sendRequest:reply:error:]:1771] ERROR : Unable to deliver request ({
    request = "notification_subscription";
    "set_path" = "/Users/bavabangaru/Library/Developer/CoreSimulator/Devices";
}) because we are not connected to CoreSimulatorService.
2026-09-25 06:53:29.091 xcodebuild[16364:116141271] Error Domain=NSPOSIXErrorDomain Code=61 "Connection refused" UserInfo={NSLocalizedDescription=CoreSimulatorService connection became invalid.  Simulator services will no longer be available.}
2026-09-25 06:53:29.091 xcodebuild[16364:116141270]  IDESimulatorAvailability: startObservingSimulatorUpdates() FAILED to register SimDeviceSet observer
2026-09-25 06:53:29.091 xcodebuild[16364:116141271]  iOSSimulator: [SimServiceContext defaultDeviceSetWithError:] returned nil (Error Domain=NSPOSIXErrorDomain Code=61 "Connection refused" UserInfo={NSLocalizedFailureReason=Failed to subscribe to notifications from CoreSimulatorService., NSLocalizedDescription=Failed to initialize simulator device set., NSUnderlyingError=0x749814e10 {Error Domain=NSPOSIXErrorDomain Code=61 "Connection refused" UserInfo={NSLocalizedDescription=CoreSimulatorService connection became invalid.  Simulator services will no longer be available.}}}). Simulator device support disabled.
2026-09-25 06:53:29.124 xcodebuild[16364:116141268] [MT] DVTAssertions: Warning in DVTFrameworks/DVTFoundation/FileTypes/DVTFileDataTypeDetection.m:80
Details:  detectedTypeIdentifier (com.apple.xml-property-list) does not conform to matchedTypeIdentifier in MagicFileDataTypeDetector extenson com.apple.property-list. When both are specified, this conformance is required unless overridden by setting allowNonInheritance. extension.identifier:Xcode.MagicFileDataTypeDetector.XMLPlist
Object:   <DVTFileDataTypeDetectionMagicCache: 0x749816f70>
Method:   -initWithExtension:
Thread:   <_NSMainThread: 0x1056c6110>{number = 1, name = main}
Please file a bug at https://feedbackassistant.apple.com with this warning message and any useful information you can provide.
2026-09-25 06:53:29.126 xcodebuild[16364:116141268] [MT] DVTAssertions: Warning in DVTFrameworks/DVTFoundation/FileTypes/DVTFileDataTypeDetection.m:80
Details:  detectedTypeIdentifier (com.apple.binary-property-list) does not conform to matchedTypeIdentifier in MagicFileDataTypeDetector extenson com.apple.property-list. When both are specified, this conformance is required unless overridden by setting allowNonInheritance. extension.identifier:Xcode.MagicFileDataTypeDetector.BinaryPlist
Object:   <DVTFileDataTypeDetectionMagicCache: 0x74a3caee0>
Method:   -initWithExtension:
Thread:   <_NSMainThread: 0x1056c6110>{number = 1, name = main}
Please file a bug at https://feedbackassistant.apple.com with this warning message and any useful information you can provide.
2026-09-25 06:53:29.212 xcodebuild[16364:116141370]  DVTProvisioningProfileManager: Failed to load profile "/Users/bavabangaru/Library/Developer/Xcode/UserData/Provisioning Profiles/fa77e0d4-a29a-4895-8ffb-e19b8577d77e.mobileprovision" (Error Domain=DVTProvisioningProfileProviderErrorDomain Code=1 "Failed to load profile." UserInfo={NSLocalizedDescription=Failed to load profile., NSLocalizedRecoverySuggestion=Profile is missing the required UUID property.})
2026-09-25 06:53:29.212 xcodebuild[16364:116141372]  DVTProvisioningProfileManager: Failed to load profile "/Users/bavabangaru/Library/Developer/Xcode/UserData/Provisioning Profiles/9fb32f43-05f3-412c-9ae3-77836128f021.mobileprovision" (Error Domain=DVTProvisioningProfileProviderErrorDomain Code=1 "Failed to load profile." UserInfo={NSLocalizedDescription=Failed to load profile., NSLocalizedRecoverySuggestion=Profile is missing the required UUID property.})
Resolve Package Graph

Package: unknown

2026-09-25 06:53:29.497 xcodebuild[16364:116141268] Writing error result bundle to /var/folders/fh/vt8wk6pn5dgd_tv982c123440000gp/T/ResultBundle_2026-25-09_06-53-0029.xcresult
xcodebuild: error: Could not resolve package dependencies:
  <unknown>:0: error: error opening '/Users/bavabangaru/.cache/clang/ModuleCache/Swift-1IEYM950OGIQC.swiftmodule' for output: /Users/bavabangaru/.cache/clang/ModuleCache: Operation not permitted
<unknown>:0: error: unable to load standard library for target 'arm64-apple-macos14.0'
<unknown>:0: error: cannot open file '/Users/bavabangaru/Library/Caches/org.swift.swiftpm/manifests/ManifestLoading/picpackit.dia' for diagnostics emission (Operation not permitted)

