Building for debugging...
[0/3] Write sources
[1/3] Write swift-version--58304C5D6DBC2206.txt
[3/5] Emitting module PicPacPresentation
[4/5] Compiling PicPacPresentation GameCoordinator.swift
[4/6] Write Objects.LinkFileList
[5/6] Linking PicPacKitPackageTests
Build complete! (1.18s)
Test Suite 'Selected tests' started at 2026-09-21 09:11:34.846.
Test Suite 'PicPacKitPackageTests.xctest' started at 2026-09-21 09:11:34.846.
Test Suite 'PresentationCoordinatorTests' started at 2026-09-21 09:11:34.847.
Test Case '-[PicPacKitTests.PresentationCoordinatorTests testSlowNavigationCannotReplaceANewerReturnHome]' started.
Test Case '-[PicPacKitTests.PresentationCoordinatorTests testSlowNavigationCannotReplaceANewerReturnHome]' passed (0.002 seconds).
Test Case '-[PicPacKitTests.PresentationCoordinatorTests testSlowNavigationCannotReplaceANewerUserDestination]' started.
Test Case '-[PicPacKitTests.PresentationCoordinatorTests testSlowNavigationCannotReplaceANewerUserDestination]' passed (0.000 seconds).
Test Suite 'PresentationCoordinatorTests' passed at 2026-09-21 09:11:34.850.
	 Executed 2 tests, with 0 failures (0 unexpected) in 0.003 (0.003) seconds
Test Suite 'PicPacKitPackageTests.xctest' passed at 2026-09-21 09:11:34.850.
	 Executed 2 tests, with 0 failures (0 unexpected) in 0.003 (0.003) seconds
Test Suite 'Selected tests' passed at 2026-09-21 09:11:34.850.
	 Executed 2 tests, with 0 failures (0 unexpected) in 0.003 (0.004) seconds
◇ Test run started.
↳ Testing Library Version: 1902
↳ Target Platform: arm64e-apple-macos14.0
✔ Test run with 0 tests in 0 suites passed after 0.001 seconds.
